Microchip MPLAB XC8 Compiler V1.40 ()

Linker command line:

-W-3 --edf=C:\Program Files (x86)\Microchip\xc8\v1.40\dat\en_msgs.txt -cs \
  -h+dist/default/production\RTC_DS1307.X.production.sym \
  --cmf=dist/default/production\RTC_DS1307.X.production.cmf -z -Q18F4550 \
  -oC:\Users\User\AppData\Local\Temp\sang.2 \
  -Mdist/default/production/RTC_DS1307.X.production.map -E1 -ver=XC8 \
  -ASTACK=073h-07ffh -pstack=STACK -ACODE=00h-07FFFh -ACONST=00h-07FFFh \
  -ASMALLCONST=0800h-08FFhx120 -AMEDIUMCONST=0800h-07FFFh -ACOMRAM=01h-05Fh \
  -AABS1=00h-07FFh -ABIGRAM=01h-07FFh -ARAM=060h-0FFh,0100h-01FFhx7 \
  -ABANK0=060h-0FFh -ABANK1=0100h-01FFh -ABANK2=0200h-02FFh \
  -ABANK3=0300h-03FFh -ABANK4=0400h-04FFh -ABANK5=0500h-05FFh \
  -ABANK6=0600h-06FFh -ABANK7=0700h-07FFh -ASFR=0F60h-0FFFh \
  -preset_vec=00h,intcode,intcodelo,powerup,init -pramtop=0800h \
  -psmallconst=SMALLCONST -pmediumconst=MEDIUMCONST -pconst=CONST \
  -AFARRAM=00h-00h -ACONFIG=0300000h-030000Dh -pconfig=CONFIG \
  -AIDLOC=0200000h-0200007h -pidloc=IDLOC -AEEDATA=0F00000h-0F000FFh \
  -peeprom_data=EEDATA \
  -prdata=COMRAM,nvrram=COMRAM,nvbit=COMRAM,rbss=COMRAM,rbit=COMRAM \
  -pfarbss=FARRAM,fardata=FARRAM,nvFARRAM=FARRAM \
  -pintsave_regs=BIGRAM,bigbss=BIGRAM,bigdata=BIGRAM -pbss=RAM \
  -pidata=CODE,irdata=CODE,ibigdata=CODE,ifardata=CODE -prparam=COMRAM \
  C:\Users\User\AppData\Local\Temp\sang.obj \
  dist/default/production\RTC_DS1307.X.production.obj 

Object code version is 3.11

Machine type is 18F4550

Call graph: (short form)




                Name                               Link     Load   Length Selector   Space Scale
C:\Users\User\AppData\Local\Temp\sang.obj
                init                                  0        0        4        0       0
                idloc                            200000   200000        8   200000       0
                config                           300000   300000        E   300000       0
dist/default/production\RTC_DS1307.X.production.obj
                smallconst                          800      800       52      400       0
                text20                              F32      F32       1A      429       0
                text19                              EA8      EA8       36      429       0
                text18                              DA6      DA6       4C      429       0
                text17                              F8E      F8E       14      429       0
                text16                              EDE      EDE       30      429       0
                text15                              D5A      D5A       4C      429       0
                text14                              D08      D08       52      429       0
                text13                              E70      E70       38      429       0
                text12                              FB6      FB6        A      429       0
                text11                              FAC      FAC        A      429       0
                text10                              FC0      FC0        8      429       0
                text9                               F0E      F0E       24      429       0
                text8                               F78      F78       16      429       0
                text7                               F62      F62       16      429       0
                text6                               F4C      F4C       16      429       0
                text5                               FA2      FA2        A      429       0
                text4                               C5C      C5C       5A      429       0
                text3                               DF2      DF2       44      429       0
                text2                               CB6      CB6       52      429       0
                text1                               B44      B44      118      429       0
                text0                               852      852      2F2      429       0
                cstackCOMRAM                          1        1       5D        1       1
                dataBANK0                            6C       6C        7       60       1
                bssBANK0                             60       60        C       60       1
                bssCOMRAM                            5E       5E        2        1       1
                cinit                               E36      E36       3A      429       0
                idataBANK0                          FC8      FC8        7      429       0

TOTAL           Name                               Link     Load   Length     Space
        CLASS   STACK          

        CLASS   CODE           
                init                                  0        0        4         0
                text20                              F32      F32       1A         0
                text19                              EA8      EA8       36         0
                text18                              DA6      DA6       4C         0
                text17                              F8E      F8E       14         0
                text16                              EDE      EDE       30         0
                text15                              D5A      D5A       4C         0
                text14                              D08      D08       52         0
                text13                              E70      E70       38         0
                text12                              FB6      FB6        A         0
                text11                              FAC      FAC        A         0
                text10                              FC0      FC0        8         0
                text9                               F0E      F0E       24         0
                text8                               F78      F78       16         0
                text7                               F62      F62       16         0
                text6                               F4C      F4C       16         0
                text5                               FA2      FA2        A         0
                text4                               C5C      C5C       5A         0
                text3                               DF2      DF2       44         0
                text2                               CB6      CB6       52         0
                text1                               B44      B44      118         0
                text0                               852      852      2F2         0
                cinit                               E36      E36       3A         0
                idataBANK0                          FC8      FC8        7         0

        CLASS   CONST          

        CLASS   SMALLCONST     
                smallconst                          800      800       52         0

        CLASS   MEDIUMCONST    

        CLASS   COMRAM         
                cstackCOMRAM                          1        1       5D         1
                bssCOMRAM                            5E       5E        2         1

        CLASS   ABS1           

        CLASS   BIGRAM         

        CLASS   RAM            

        CLASS   BANK0          
                dataBANK0                            6C       6C        7         1
                bssBANK0                             60       60        C         1

        CLASS   BANK1          

        CLASS   BANK2          

        CLASS   BANK3          

        CLASS   BANK4          

        CLASS   BANK5          

        CLASS   BANK6          

        CLASS   BANK7          

        CLASS   SFR            

        CLASS   FARRAM         

        CLASS   CONFIG         
                config                           300000   300000        E         0

        CLASS   IDLOC          
                idloc                            200000   200000        8         0

        CLASS   EEDATA         



SEGMENTS        Name                           Load    Length   Top    Selector   Space  Class

                reset_vec                      000000  000004  000004         0       0  CODE    
                cstackCOMRAM                   000001  00005F  000060         1       1  COMRAM  
                bssBANK0                       000060  000013  000073        60       1  BANK0   
                smallconst                     000800  000052  000852       400       0  SMALLCON
                text0                          000852  00077D  000FCF       429       0  CODE    
                idloc                          200000  000008  200008    200000       0  IDLOC   
                config                         300000  00000E  30000E    300000       0  CONFIG  


UNUSED ADDRESS RANGES

        Name                Unused          Largest block    Delta
        BANK0            000073-0000FF               8D
        BANK1            000100-0001FF              100
        BANK2            000200-0002FF              100
        BANK3            000300-0003FF              100
        BANK4            000400-0004FF              100
        BANK5            000500-0005FF              100
        BANK6            000600-0006FF              100
        BANK7            000700-0007FF              100
        BIGRAM           000073-0007FF              78D
        CODE             000004-0007FF              7FC
                         000FCF-007FFF             7031
        CONST            000004-0007FF              7FC
                         000FCF-007FFF             7031
        EEDATA           F00000-F000FF              100
        MEDIUMCONST      000FCF-007FFF             7031
        RAM              000073-0007FF              100
        SFR              000F60-000FFF               A0
        SMALLCONST       000FCF-007FFF              100
        STACK            000073-0007FF              78D

                                  Symbol Table

?___lwdiv                               cstackCOMRAM 000001
?_sprintf                               cstackCOMRAM 000008
I2C_Read@buffer                         cstackCOMRAM 000002
I2C_Read@flag                           cstackCOMRAM 000001
I2C_Repeated_Start@slave_read_address   cstackCOMRAM 000002
I2C_Start@slave_write_address           cstackCOMRAM 000002
I2C_Write@data                          cstackCOMRAM 000001
LCD_Char@dat                            cstackCOMRAM 000008
LCD_Command@cmd                         cstackCOMRAM 000008
LCD_String@msg                          cstackCOMRAM 000009
LCD_String_xy@location                  cstackCOMRAM 00000F
LCD_String_xy@msg                       cstackCOMRAM 00000C
LCD_String_xy@pos                       cstackCOMRAM 00000B
LCD_String_xy@row                       cstackCOMRAM 00000E
MSdelay@i                               cstackCOMRAM 000003
MSdelay@j                               cstackCOMRAM 000005
MSdelay@val                             cstackCOMRAM 000001
RTC_Read_Calendar@read_calendar_address cstackCOMRAM 000004
RTC_Read_Clock@read_clock_address       cstackCOMRAM 000004
_ACKDT                                  (abs)        007E2D
_ACKEN                                  (abs)        007E2C
_ACKSTAT                                (abs)        007E2E
_Date                                   bssBANK0     000060
_Day                                    bssBANK0     000062
_I2C_Ack                                text12       000FB6
_I2C_Init                               text20       000F32
_I2C_Nack                               text11       000FAC
_I2C_Read                               text9        000F0E
_I2C_Ready                              text10       000FC0
_I2C_Repeated_Start                     text7        000F62
_I2C_Start                              text6        000F4C
_I2C_Stop                               text5        000FA2
_I2C_Write                              text8        000F78
_LATD                                   (abs)        000F8C
_LATD2                                  (abs)        007C62
_LATD3                                  (abs)        007C63
_LCD_Char                               text15       000D5A
_LCD_Clear                              text17       000F8E
_LCD_Command                            text18       000DA6
_LCD_Init                               text16       000EDE
_LCD_String                             text14       000D08
_LCD_String_xy                          text13       000E70
_MSdelay                                text19       000EA8
_Month                                  bssBANK0     000064
_OSCCON                                 (abs)        000FD3
_PEN                                    (abs)        007E2A
_RCEN                                   (abs)        007E2B
_RSEN                                   (abs)        007E29
_RTC_Read_Calendar                      text4        000C5C
_RTC_Read_Clock                         text3        000DF2
_SSPADD                                 (abs)        000FC8
_SSPBUF                                 (abs)        000FC9
_SSPCON1                                (abs)        000FC6
_SSPCON2                                (abs)        000FC5
_SSPCON2bits                            (abs)        000FC5
_SSPIE                                  (abs)        007CEB
_SSPIF                                  (abs)        007CF3
_SSPSTAT                                (abs)        000FC7
_SSPSTATbits                            (abs)        000FC7
_TRISB0                                 (abs)        007C98
_TRISB1                                 (abs)        007C99
_TRISD                                  (abs)        000F95
_Year                                   bssBANK0     000066
__CFG_BOR$ON                            (abs)        000000
__CFG_BORV$3                            (abs)        000000
__CFG_CCP2MX$ON                         (abs)        000000
__CFG_CP0$OFF                           (abs)        000000
__CFG_CP1$OFF                           (abs)        000000
__CFG_CP2$OFF                           (abs)        000000
__CFG_CP3$OFF                           (abs)        000000
__CFG_CPB$OFF                           (abs)        000000
__CFG_CPD$OFF                           (abs)        000000
__CFG_CPUDIV$OSC1_PLL2                  (abs)        000000
__CFG_EBTR0$OFF                         (abs)        000000
__CFG_EBTR1$OFF                         (abs)        000000
__CFG_EBTR2$OFF                         (abs)        000000
__CFG_EBTR3$OFF                         (abs)        000000
__CFG_EBTRB$OFF                         (abs)        000000
__CFG_FCMEN$OFF                         (abs)        000000
__CFG_FOSC$INTOSC_EC                    (abs)        000000
__CFG_ICPRT$OFF                         (abs)        000000
__CFG_IESO$OFF                          (abs)        000000
__CFG_LPT1OSC$OFF                       (abs)        000000
__CFG_LVP$OFF                           (abs)        000000
__CFG_MCLRE$OFF                         (abs)        000000
__CFG_PBADEN$OFF                        (abs)        000000
__CFG_PLLDIV$1                          (abs)        000000
__CFG_PWRT$OFF                          (abs)        000000
__CFG_STVREN$ON                         (abs)        000000
__CFG_USBDIV$1                          (abs)        000000
__CFG_VREGEN$OFF                        (abs)        000000
__CFG_WDT$OFF                           (abs)        000000
__CFG_WDTPS$32768                       (abs)        000000
__CFG_WRT0$OFF                          (abs)        000000
__CFG_WRT1$OFF                          (abs)        000000
__CFG_WRT2$OFF                          (abs)        000000
__CFG_WRT3$OFF                          (abs)        000000
__CFG_WRTB$OFF                          (abs)        000000
__CFG_WRTC$OFF                          (abs)        000000
__CFG_WRTD$OFF                          (abs)        000000
__CFG_XINST$OFF                         (abs)        000000
__HRAM                                  (abs)        000000
__Habs1                                 abs1         000000
__Hbank0                                bank0        000000
__Hbank1                                bank1        000000
__Hbank2                                bank2        000000
__Hbank3                                bank3        000000
__Hbank4                                bank4        000000
__Hbank5                                bank5        000000
__Hbank6                                bank6        000000
__Hbank7                                bank7        000000
__Hbigbss                               bigbss       000000
__Hbigdata                              bigdata      000000
__Hbigram                               bigram       000000
__Hbss                                  bss          000000
__HbssBANK0                             bssBANK0     000000
__HbssCOMRAM                            bssCOMRAM    000000
__Hcinit                                cinit        000000
__Hclrtext                              clrtext      000000
__Hcomram                               comram       000000
__Hconfig                               config       30000E
__Hconst                                const        000000
__HcstackCOMRAM                         cstackCOMRAM 000000
__Hdata                                 data         000000
__HdataBANK0                            dataBANK0    000000
__Heeprom_data                          eeprom_data  000000
__Hfarbss                               farbss       000000
__Hfardata                              fardata      000000
__Hibigdata                             ibigdata     000000
__Hidata                                idata        000000
__HidataBANK0                           idataBANK0   000000
__Hidloc                                idloc        200008
__Hifardata                             ifardata     000000
__Hinit                                 init         000004
__Hintcode                              intcode      000000
__Hintcode_body                         intcode_body 000000
__Hintcodelo                            intcodelo    000000
__Hintentry                             intentry     000000
__Hintret                               intret       000000
__Hintsave_regs                         intsave_regs 000000
__Hirdata                               irdata       000000
__Hmediumconst                          mediumconst  000000
__HnvFARRAM                             nvFARRAM     000000
__Hnvbit                                nvbit        000000
__Hnvrram                               nvrram       000000
__Hparam                                rparam       000000
__Hpowerup                              powerup      000000
__Hram                                  ram          000000
__Hramtop                               ramtop       000800
__Hrbit                                 rbit         000000
__Hrbss                                 rbss         000000
__Hrdata                                rdata        000000
__Hreset_vec                            reset_vec    000000
__Hrparam                               rparam       000000
__Hsfr                                  sfr          000000
__Hsmallconst                           smallconst   000852
__Hspace_0                              (abs)        30000E
__Hspace_1                              (abs)        000073
__Hspace_2                              (abs)        000000
__Hstack                                stack        000000
__Hstruct                               struct       000000
__Htemp                                 temp         000000
__Htext                                 text         000000
__Htext0                                text0        000000
__Htext1                                text1        000000
__Htext10                               text10       000000
__Htext11                               text11       000000
__Htext12                               text12       000000
__Htext13                               text13       000000
__Htext14                               text14       000000
__Htext15                               text15       000000
__Htext16                               text16       000000
__Htext17                               text17       000000
__Htext18                               text18       000000
__Htext19                               text19       000000
__Htext2                                text2        000000
__Htext20                               text20       000000
__Htext3                                text3        000000
__Htext4                                text4        000000
__Htext5                                text5        000000
__Htext6                                text6        000000
__Htext7                                text7        000000
__Htext8                                text8        000000
__Htext9                                text9        000000
__LRAM                                  (abs)        000001
__Labs1                                 abs1         000000
__Lbank0                                bank0        000000
__Lbank1                                bank1        000000
__Lbank2                                bank2        000000
__Lbank3                                bank3        000000
__Lbank4                                bank4        000000
__Lbank5                                bank5        000000
__Lbank6                                bank6        000000
__Lbank7                                bank7        000000
__Lbigbss                               bigbss       000000
__Lbigdata                              bigdata      000000
__Lbigram                               bigram       000000
__Lbss                                  bss          000000
__LbssBANK0                             bssBANK0     000000
__LbssCOMRAM                            bssCOMRAM    000000
__Lcinit                                cinit        000000
__Lclrtext                              clrtext      000000
__Lcomram                               comram       000000
__Lconfig                               config       300000
__Lconst                                const        000000
__LcstackCOMRAM                         cstackCOMRAM 000000
__Ldata                                 data         000000
__LdataBANK0                            dataBANK0    000000
__Leeprom_data                          eeprom_data  000000
__Lfarbss                               farbss       000000
__Lfardata                              fardata      000000
__Libigdata                             ibigdata     000000
__Lidata                                idata        000000
__LidataBANK0                           idataBANK0   000000
__Lidloc                                idloc        200000
__Lifardata                             ifardata     000000
__Linit                                 init         000000
__Lintcode                              intcode      000000
__Lintcode_body                         intcode_body 000000
__Lintcodelo                            intcodelo    000000
__Lintentry                             intentry     000000
__Lintret                               intret       000000
__Lintsave_regs                         intsave_regs 000000
__Lirdata                               irdata       000000
__Lmediumconst                          mediumconst  000000
__LnvFARRAM                             nvFARRAM     000000
__Lnvbit                                nvbit        000000
__Lnvrram                               nvrram       000000
__Lparam                                rparam       000000
__Lpowerup                              powerup      000000
__Lram                                  ram          000000
__Lramtop                               ramtop       000800
__Lrbit                                 rbit         000000
__Lrbss                                 rbss         000000
__Lrdata                                rdata        000000
__Lreset_vec                            reset_vec    000000
__Lrparam                               rparam       000000
__Lsfr                                  sfr          000000
__Lsmallconst                           smallconst   000800
__Lspace_0                              (abs)        000000
__Lspace_1                              (abs)        000000
__Lspace_2                              (abs)        000000
__Lstack                                stack        000000
__Lstruct                               struct       000000
__Ltemp                                 temp         000000
__Ltext                                 text         000000
__Ltext0                                text0        000000
__Ltext1                                text1        000000
__Ltext10                               text10       000000
__Ltext11                               text11       000000
__Ltext12                               text12       000000
__Ltext13                               text13       000000
__Ltext14                               text14       000000
__Ltext15                               text15       000000
__Ltext16                               text16       000000
__Ltext17                               text17       000000
__Ltext18                               text18       000000
__Ltext19                               text19       000000
__Ltext2                                text2        000000
__Ltext20                               text20       000000
__Ltext3                                text3        000000
__Ltext4                                text4        000000
__Ltext5                                text5        000000
__Ltext6                                text6        000000
__Ltext7                                text7        000000
__Ltext8                                text8        000000
__Ltext9                                text9        000000
__S0                                    (abs)        30000E
__S1                                    (abs)        000073
__S2                                    (abs)        000000
___inthi_sp                             stack        000000
___intlo_sp                             stack        000000
___lwdiv                                text2        000CB6
___lwdiv@counter                        cstackCOMRAM 000007
___lwdiv@dividend                       cstackCOMRAM 000001
___lwdiv@divisor                        cstackCOMRAM 000003
___lwdiv@quotient                       cstackCOMRAM 000005
___param_bank                           (abs)        000000
___rparam_used                          (abs)        000001
___sp                                   stack        000000
__accesstop                             (abs)        000060
__activetblptr                          (abs)        000002
__end_of_I2C_Ack                        text12       000FC0
__end_of_I2C_Init                       text20       000F4C
__end_of_I2C_Nack                       text11       000FB6
__end_of_I2C_Read                       text9        000F32
__end_of_I2C_Ready                      text10       000FC8
__end_of_I2C_Repeated_Start             text7        000F78
__end_of_I2C_Start                      text6        000F62
__end_of_I2C_Stop                       text5        000FAC
__end_of_I2C_Write                      text8        000F8E
__end_of_LCD_Char                       text15       000DA6
__end_of_LCD_Clear                      text17       000FA2
__end_of_LCD_Command                    text18       000DF2
__end_of_LCD_Init                       text16       000F0E
__end_of_LCD_String                     text14       000D5A
__end_of_LCD_String_xy                  text13       000EA8
__end_of_MSdelay                        text19       000EDE
__end_of_RTC_Read_Calendar              text4        000CB6
__end_of_RTC_Read_Clock                 text3        000E36
__end_of___lwdiv                        text2        000D08
__end_of__initialization                cinit        000E66
__end_of_hexpowers                      smallconst   000809
__end_of_main                           text0        000B44
__end_of_sprintf                        text1        000C5C
__initialization                        cinit        000E36
__mediumconst                           mediumconst  000000
__pbssBANK0                             bssBANK0     000060
__pbssCOMRAM                            bssCOMRAM    00005E
__pcinit                                cinit        000E36
__pcstackCOMRAM                         cstackCOMRAM 000001
__pdataBANK0                            dataBANK0    00006C
__pidataBANK0                           idataBANK0   000FC8
__psmallconst                           smallconst   000800
__ptext0                                text0        000852
__ptext1                                text1        000B44
__ptext10                               text10       000FC0
__ptext11                               text11       000FAC
__ptext12                               text12       000FB6
__ptext13                               text13       000E70
__ptext14                               text14       000D08
__ptext15                               text15       000D5A
__ptext16                               text16       000EDE
__ptext17                               text17       000F8E
__ptext18                               text18       000DA6
__ptext19                               text19       000EA8
__ptext2                                text2        000CB6
__ptext20                               text20       000F32
__ptext3                                text3        000DF2
__ptext4                                text4        000C5C
__ptext5                                text5        000FA2
__ptext6                                text6        000F4C
__ptext7                                text7        000F62
__ptext8                                text8        000F78
__ptext9                                text9        000F0E
__ramtop                                ramtop       000800
__size_of_I2C_Ack                       (abs)        000000
__size_of_I2C_Init                      (abs)        000000
__size_of_I2C_Nack                      (abs)        000000
__size_of_I2C_Read                      (abs)        000000
__size_of_I2C_Ready                     (abs)        000000
__size_of_I2C_Repeated_Start            (abs)        000000
__size_of_I2C_Start                     (abs)        000000
__size_of_I2C_Stop                      (abs)        000000
__size_of_I2C_Write                     (abs)        000000
__size_of_LCD_Char                      (abs)        000000
__size_of_LCD_Clear                     (abs)        000000
__size_of_LCD_Command                   (abs)        000000
__size_of_LCD_Init                      (abs)        000000
__size_of_LCD_String                    (abs)        000000
__size_of_LCD_String_xy                 (abs)        000000
__size_of_MSdelay                       (abs)        000000
__size_of_RTC_Read_Calendar             (abs)        000000
__size_of_RTC_Read_Clock                (abs)        000000
__size_of___lwdiv                       (abs)        000000
__size_of_main                          (abs)        000000
__size_of_sprintf                       (abs)        000000
__smallconst                            smallconst   000800
_hexpowers                              smallconst   000801
_hour                                   bssCOMRAM    00005E
_main                                   text0        000852
_min                                    bssBANK0     000068
_sec                                    bssBANK0     00006A
_sprintf                                text1        000B44
end_of_initialization                   cinit        000E66
intlevel0                               text         000000
intlevel1                               text         000000
intlevel2                               text         000000
intlevel3                               text         000000
main@AM_PM                              cstackCOMRAM 00005D
main@Clock_type                         cstackCOMRAM 00005C
main@F3898                              dataBANK0    00006C
main@date                               cstackCOMRAM 000020
main@days                               cstackCOMRAM 000019
main@hours                              cstackCOMRAM 000052
main@mins                               cstackCOMRAM 000048
main@month                              cstackCOMRAM 00002A
main@secs                               cstackCOMRAM 00003E
main@year                               cstackCOMRAM 000034
sprintf@ap                              cstackCOMRAM 00000F
sprintf@c                               cstackCOMRAM 000015
sprintf@f                               cstackCOMRAM 00000A
sprintf@flag                            cstackCOMRAM 00000E
sprintf@idx                             cstackCOMRAM 000011
sprintf@prec                            cstackCOMRAM 000014
sprintf@sp                              cstackCOMRAM 000008
sprintf@val                             cstackCOMRAM 000012
stackhi                                 (abs)        0007FF
stacklo                                 (abs)        000073
start                                   init         000000
start_initialization                    cinit        000E36


FUNCTION INFORMATION:

 *************** function _main *****************
 Defined at:
		line 42 in file "RTC.c"
 Parameters:    Size  Location     Type
		None
 Auto vars:     Size  Location     Type
  hours          10   81[COMRAM] unsigned char [10]
  mins           10   71[COMRAM] unsigned char [10]
  secs           10   61[COMRAM] unsigned char [10]
  year           10   51[COMRAM] unsigned char [10]
  month          10   41[COMRAM] unsigned char [10]
  date           10   31[COMRAM] unsigned char [10]
  days            7   24[COMRAM] unsigned char [7]
  AM_PM           1   92[COMRAM] unsigned char 
  Clock_type      1   91[COMRAM] unsigned char 
 Return value:  Size  Location     Type
                  1    wreg      void 
 Registers used:
		wreg, fsr0l, fsr0h, fsr1l, fsr1h, fsr2l, fsr2h, status,2, status,0, tblptrl, tblptrh, tblptru, prodl, prodh, cstack
 Tracked objects:
		On entry : 
		On exit  : 
		Unchanged: 
 Data sizes:     COMRAM   BANK0   BANK1   BANK2   BANK3   BANK4   BANK5   BANK6   BANK7
      Params:         0       0       0       0       0       0       0       0       0
      Locals:        69       0       0       0       0       0       0       0       0
      Temps:          3       0       0       0       0       0       0       0       0
      Totals:        72       0       0       0       0       0       0       0       0
Total ram usage:       72 bytes
 Hardware stack levels required when called:    4
 This function calls:
		_I2C_Init
		_I2C_Stop
		_LCD_Clear
		_LCD_Init
		_LCD_String
		_LCD_String_xy
		_MSdelay
		_RTC_Read_Calendar
		_RTC_Read_Clock
		_sprintf
 This function is called by:
		Startup code after reset
 This function uses a non-reentrant model


 *************** function _sprintf *****************
 Defined at:
		line 492 in file "C:\Program Files (x86)\Microchip\xc8\v1.40\sources\common\doprnt.c"
 Parameters:    Size  Location     Type
  sp              2    7[COMRAM] PTR unsigned char 
		 -> main@year(10), main@month(10), main@date(10), main@hours(10), 
		 -> main@mins(10), main@secs(10), 
  f               2    9[COMRAM] PTR const unsigned char 
		 -> STR_11(4), STR_10(4), STR_9(8), STR_8(8), 
		 -> STR_7(4), STR_6(4), STR_5(8), STR_4(4), 
		 -> STR_3(4), 
 Auto vars:     Size  Location     Type
  idx             1   16[COMRAM] unsigned char 
  tmpval          4    0        struct .
  cp              3    0        PTR const unsigned char 
  val             2   17[COMRAM] unsigned int 
  ap              2   14[COMRAM] PTR void [1]
		 -> ?_sprintf(2), 
  len             2    0        unsigned int 
  c               1   20[COMRAM] char 
  prec            1   19[COMRAM] char 
  flag            1   13[COMRAM] unsigned char 
 Return value:  Size  Location     Type
                  2    7[COMRAM] int 
 Registers used:
		wreg, fsr2l, fsr2h, status,2, status,0, tblptrl, tblptrh, tblptru, prodl, prodh, cstack
 Tracked objects:
		On entry : 
		On exit  : 
		Unchanged: 
 Data sizes:     COMRAM   BANK0   BANK1   BANK2   BANK3   BANK4   BANK5   BANK6   BANK7
      Params:         6       0       0       0       0       0       0       0       0
      Locals:         8       0       0       0       0       0       0       0       0
      Temps:          0       0       0       0       0       0       0       0       0
      Totals:        14       0       0       0       0       0       0       0       0
Total ram usage:       14 bytes
 Hardware stack levels used:    1
 Hardware stack levels required when called:    1
 This function calls:
		___lwdiv
 This function is called by:
		_main
 This function uses a non-reentrant model


 *************** function ___lwdiv *****************
 Defined at:
		line 8 in file "C:\Program Files (x86)\Microchip\xc8\v1.40\sources\common\lwdiv.c"
 Parameters:    Size  Location     Type
  dividend        2    0[COMRAM] unsigned int 
  divisor         2    2[COMRAM] unsigned int 
 Auto vars:     Size  Location     Type
  quotient        2    4[COMRAM] unsigned int 
  counter         1    6[COMRAM] unsigned char 
 Return value:  Size  Location     Type
                  2    0[COMRAM] unsigned int 
 Registers used:
		wreg, status,2, status,0
 Tracked objects:
		On entry : 
		On exit  : 
		Unchanged: 
 Data sizes:     COMRAM   BANK0   BANK1   BANK2   BANK3   BANK4   BANK5   BANK6   BANK7
      Params:         4       0       0       0       0       0       0       0       0
      Locals:         3       0       0       0       0       0       0       0       0
      Temps:          0       0       0       0       0       0       0       0       0
      Totals:         7       0       0       0       0       0       0       0       0
Total ram usage:        7 bytes
 Hardware stack levels used:    1
 This function calls:
		Nothing
 This function is called by:
		_sprintf
 This function uses a non-reentrant model


 *************** function _RTC_Read_Clock *****************
 Defined at:
		line 19 in file "RTC.c"
 Parameters:    Size  Location     Type
  read_clock_a    1    wreg     unsigned char 
 Auto vars:     Size  Location     Type
  read_clock_a    1    3[COMRAM] unsigned char 
 Return value:  Size  Location     Type
                  1    wreg      void 
 Registers used:
		wreg, status,2, status,0, cstack
 Tracked objects:
		On entry : 
		On exit  : 
		Unchanged: 
 Data sizes:     COMRAM   BANK0   BANK1   BANK2   BANK3   BANK4   BANK5   BANK6   BANK7
      Params:         0       0       0       0       0       0       0       0       0
      Locals:         1       0       0       0       0       0       0       0       0
      Temps:          1       0       0       0       0       0       0       0       0
      Totals:         2       0       0       0       0       0       0       0       0
Total ram usage:        2 bytes
 Hardware stack levels used:    1
 Hardware stack levels required when called:    3
 This function calls:
		_I2C_Read
		_I2C_Repeated_Start
		_I2C_Start
		_I2C_Write
 This function is called by:
		_main
 This function uses a non-reentrant model


 *************** function _RTC_Read_Calendar *****************
 Defined at:
		line 30 in file "RTC.c"
 Parameters:    Size  Location     Type
  read_calenda    1    wreg     unsigned char 
 Auto vars:     Size  Location     Type
  read_calenda    1    3[COMRAM] unsigned char 
 Return value:  Size  Location     Type
                  1    wreg      void 
 Registers used:
		wreg, status,2, status,0, cstack
 Tracked objects:
		On entry : 
		On exit  : 
		Unchanged: 
 Data sizes:     COMRAM   BANK0   BANK1   BANK2   BANK3   BANK4   BANK5   BANK6   BANK7
      Params:         0       0       0       0       0       0       0       0       0
      Locals:         1       0       0       0       0       0       0       0       0
      Temps:          1       0       0       0       0       0       0       0       0
      Totals:         2       0       0       0       0       0       0       0       0
Total ram usage:        2 bytes
 Hardware stack levels used:    1
 Hardware stack levels required when called:    3
 This function calls:
		_I2C_Read
		_I2C_Repeated_Start
		_I2C_Start
		_I2C_Stop
		_I2C_Write
 This function is called by:
		_main
 This function uses a non-reentrant model


 *************** function _I2C_Stop *****************
 Defined at:
		line 93 in file "PIC18F4550_I2C_Source_File.c"
 Parameters:    Size  Location     Type
		None
 Auto vars:     Size  Location     Type
		None
 Return value:  Size  Location     Type
                  1    wreg      unsigned char 
 Registers used:
		wreg
 Tracked objects:
		On entry : 
		On exit  : 
		Unchanged: 
 Data sizes:     COMRAM   BANK0   BANK1   BANK2   BANK3   BANK4   BANK5   BANK6   BANK7
      Params:         0       0       0       0       0       0       0       0       0
      Locals:         0       0       0       0       0       0       0       0       0
      Temps:          0       0       0       0       0       0       0       0       0
      Totals:         0       0       0       0       0       0       0       0       0
Total ram usage:        0 bytes
 Hardware stack levels used:    1
 This function calls:
		Nothing
 This function is called by:
		_RTC_Read_Calendar
		_main
		_I2C_Start_Wait
 This function uses a non-reentrant model


 *************** function _I2C_Start *****************
 Defined at:
		line 68 in file "PIC18F4550_I2C_Source_File.c"
 Parameters:    Size  Location     Type
  slave_write_    1    wreg     unsigned char 
 Auto vars:     Size  Location     Type
  slave_write_    1    1[COMRAM] unsigned char 
 Return value:  Size  Location     Type
                  1    wreg      unsigned char 
 Registers used:
		wreg, status,2, cstack
 Tracked objects:
		On entry : 
		On exit  : 
		Unchanged: 
 Data sizes:     COMRAM   BANK0   BANK1   BANK2   BANK3   BANK4   BANK5   BANK6   BANK7
      Params:         0       0       0       0       0       0       0       0       0
      Locals:         1       0       0       0       0       0       0       0       0
      Temps:          0       0       0       0       0       0       0       0       0
      Totals:         1       0       0       0       0       0       0       0       0
Total ram usage:        1 bytes
 Hardware stack levels used:    1
 Hardware stack levels required when called:    2
 This function calls:
		_I2C_Write
 This function is called by:
		_RTC_Read_Clock
		_RTC_Read_Calendar
 This function uses a non-reentrant model


 *************** function _I2C_Repeated_Start *****************
 Defined at:
		line 79 in file "PIC18F4550_I2C_Source_File.c"
 Parameters:    Size  Location     Type
  slave_read_a    1    wreg     unsigned char 
 Auto vars:     Size  Location     Type
  slave_read_a    1    1[COMRAM] unsigned char 
 Return value:  Size  Location     Type
                  1    wreg      unsigned char 
 Registers used:
		wreg, status,2, cstack
 Tracked objects:
		On entry : 
		On exit  : 
		Unchanged: 
 Data sizes:     COMRAM   BANK0   BANK1   BANK2   BANK3   BANK4   BANK5   BANK6   BANK7
      Params:         0       0       0       0       0       0       0       0       0
      Locals:         1       0       0       0       0       0       0       0       0
      Temps:          0       0       0       0       0       0       0       0       0
      Totals:         1       0       0       0       0       0       0       0       0
Total ram usage:        1 bytes
 Hardware stack levels used:    1
 Hardware stack levels required when called:    2
 This function calls:
		_I2C_Write
 This function is called by:
		_RTC_Read_Clock
		_RTC_Read_Calendar
 This function uses a non-reentrant model


 *************** function _I2C_Write *****************
 Defined at:
		line 101 in file "PIC18F4550_I2C_Source_File.c"
 Parameters:    Size  Location     Type
  data            1    wreg     unsigned char 
 Auto vars:     Size  Location     Type
  data            1    0[COMRAM] unsigned char 
 Return value:  Size  Location     Type
                  1    wreg      unsigned char 
 Registers used:
		wreg, cstack
 Tracked objects:
		On entry : 
		On exit  : 
		Unchanged: 
 Data sizes:     COMRAM   BANK0   BANK1   BANK2   BANK3   BANK4   BANK5   BANK6   BANK7
      Params:         0       0       0       0       0       0       0       0       0
      Locals:         1       0       0       0       0       0       0       0       0
      Temps:          0       0       0       0       0       0       0       0       0
      Totals:         1       0       0       0       0       0       0       0       0
Total ram usage:        1 bytes
 Hardware stack levels used:    1
 Hardware stack levels required when called:    1
 This function calls:
		_I2C_Ready
 This function is called by:
		_RTC_Read_Clock
		_RTC_Read_Calendar
		_I2C_Start
		_I2C_Repeated_Start
		_I2C_Start_Wait
 This function uses a non-reentrant model


 *************** function _I2C_Read *****************
 Defined at:
		line 12 in file "PIC18F4550_I2C_Source_File.c"
 Parameters:    Size  Location     Type
  flag            1    wreg     unsigned char 
 Auto vars:     Size  Location     Type
  flag            1    0[COMRAM] unsigned char 
  buffer          1    1[COMRAM] unsigned char 
 Return value:  Size  Location     Type
                  1    wreg      unsigned char 
 Registers used:
		wreg, status,2, cstack
 Tracked objects:
		On entry : 
		On exit  : 
		Unchanged: 
 Data sizes:     COMRAM   BANK0   BANK1   BANK2   BANK3   BANK4   BANK5   BANK6   BANK7
      Params:         0       0       0       0       0       0       0       0       0
      Locals:         2       0       0       0       0       0       0       0       0
      Temps:          0       0       0       0       0       0       0       0       0
      Totals:         2       0       0       0       0       0       0       0       0
Total ram usage:        2 bytes
 Hardware stack levels used:    1
 Hardware stack levels required when called:    1
 This function calls:
		_I2C_Ack
		_I2C_Nack
		_I2C_Ready
 This function is called by:
		_RTC_Read_Clock
		_RTC_Read_Calendar
 This function uses a non-reentrant model


 *************** function _I2C_Ready *****************
 Defined at:
		line 43 in file "PIC18F4550_I2C_Source_File.c"
 Parameters:    Size  Location     Type
		None
 Auto vars:     Size  Location     Type
		None
 Return value:  Size  Location     Type
                  1    wreg      void 
 Registers used:
		None
 Tracked objects:
		On entry : 
		On exit  : 
		Unchanged: 
 Data sizes:     COMRAM   BANK0   BANK1   BANK2   BANK3   BANK4   BANK5   BANK6   BANK7
      Params:         0       0       0       0       0       0       0       0       0
      Locals:         0       0       0       0       0       0       0       0       0
      Temps:          0       0       0       0       0       0       0       0       0
      Totals:         0       0       0       0       0       0       0       0       0
Total ram usage:        0 bytes
 Hardware stack levels used:    1
 This function calls:
		Nothing
 This function is called by:
		_I2C_Read
		_I2C_Write
 This function uses a non-reentrant model


 *************** function _I2C_Nack *****************
 Defined at:
		line 118 in file "PIC18F4550_I2C_Source_File.c"
 Parameters:    Size  Location     Type
		None
 Auto vars:     Size  Location     Type
		None
 Return value:  Size  Location     Type
                  1    wreg      void 
 Registers used:
		None
 Tracked objects:
		On entry : 
		On exit  : 
		Unchanged: 
 Data sizes:     COMRAM   BANK0   BANK1   BANK2   BANK3   BANK4   BANK5   BANK6   BANK7
      Params:         0       0       0       0       0       0       0       0       0
      Locals:         0       0       0       0       0       0       0       0       0
      Temps:          0       0       0       0       0       0       0       0       0
      Totals:         0       0       0       0       0       0       0       0       0
Total ram usage:        0 bytes
 Hardware stack levels used:    1
 This function calls:
		Nothing
 This function is called by:
		_I2C_Read
 This function uses a non-reentrant model


 *************** function _I2C_Ack *****************
 Defined at:
		line 111 in file "PIC18F4550_I2C_Source_File.c"
 Parameters:    Size  Location     Type
		None
 Auto vars:     Size  Location     Type
		None
 Return value:  Size  Location     Type
                  1    wreg      void 
 Registers used:
		None
 Tracked objects:
		On entry : 
		On exit  : 
		Unchanged: 
 Data sizes:     COMRAM   BANK0   BANK1   BANK2   BANK3   BANK4   BANK5   BANK6   BANK7
      Params:         0       0       0       0       0       0       0       0       0
      Locals:         0       0       0       0       0       0       0       0       0
      Temps:          0       0       0       0       0       0       0       0       0
      Totals:         0       0       0       0       0       0       0       0       0
Total ram usage:        0 bytes
 Hardware stack levels used:    1
 This function calls:
		Nothing
 This function is called by:
		_I2C_Read
 This function uses a non-reentrant model


 *************** function _LCD_String_xy *****************
 Defined at:
		line 63 in file "LCD_16x2_4bit_mode.c"
 Parameters:    Size  Location     Type
  row             1    wreg     unsigned char 
  pos             1   10[COMRAM] unsigned char 
  msg             2   11[COMRAM] PTR const unsigned char 
		 -> main@date(10), main@hours(10), STR_2(3), STR_1(3), 
 Auto vars:     Size  Location     Type
  row             1   13[COMRAM] unsigned char 
  location        1   14[COMRAM] unsigned char 
 Return value:  Size  Location     Type
                  1    wreg      void 
 Registers used:
		wreg, fsr0l, fsr0h, status,2, status,0, tblptrl, tblptrh, tblptru, cstack
 Tracked objects:
		On entry : 
		On exit  : 
		Unchanged: 
 Data sizes:     COMRAM   BANK0   BANK1   BANK2   BANK3   BANK4   BANK5   BANK6   BANK7
      Params:         3       0       0       0       0       0       0       0       0
      Locals:         2       0       0       0       0       0       0       0       0
      Temps:          0       0       0       0       0       0       0       0       0
      Totals:         5       0       0       0       0       0       0       0       0
Total ram usage:        5 bytes
 Hardware stack levels used:    1
 Hardware stack levels required when called:    3
 This function calls:
		_LCD_Command
		_LCD_String
 This function is called by:
		_main
 This function uses a non-reentrant model


 *************** function _LCD_String *****************
 Defined at:
		line 53 in file "LCD_16x2_4bit_mode.c"
 Parameters:    Size  Location     Type
  msg             2    8[COMRAM] PTR const unsigned char 
		 -> STR_18(4), STR_17(4), STR_16(4), STR_15(4), 
		 -> STR_14(4), STR_13(4), STR_12(4), main@year(10), 
		 -> main@month(10), main@date(10), main@hours(10), main@mins(10), 
		 -> main@secs(10), STR_2(3), STR_1(3), 
 Auto vars:     Size  Location     Type
		None
 Return value:  Size  Location     Type
                  1    wreg      void 
 Registers used:
		wreg, fsr0l, fsr0h, status,2, status,0, tblptrl, tblptrh, tblptru, cstack
 Tracked objects:
		On entry : 
		On exit  : 
		Unchanged: 
 Data sizes:     COMRAM   BANK0   BANK1   BANK2   BANK3   BANK4   BANK5   BANK6   BANK7
      Params:         2       0       0       0       0       0       0       0       0
      Locals:         0       0       0       0       0       0       0       0       0
      Temps:          0       0       0       0       0       0       0       0       0
      Totals:         2       0       0       0       0       0       0       0       0
Total ram usage:        2 bytes
 Hardware stack levels used:    1
 Hardware stack levels required when called:    2
 This function calls:
		_LCD_Char
 This function is called by:
		_main
		_LCD_String_xy
 This function uses a non-reentrant model


 *************** function _LCD_Char *****************
 Defined at:
		line 39 in file "LCD_16x2_4bit_mode.c"
 Parameters:    Size  Location     Type
  dat             1    wreg     unsigned char 
 Auto vars:     Size  Location     Type
  dat             1    7[COMRAM] unsigned char 
 Return value:  Size  Location     Type
                  1    wreg      void 
 Registers used:
		wreg, status,2, status,0, cstack
 Tracked objects:
		On entry : 
		On exit  : 
		Unchanged: 
 Data sizes:     COMRAM   BANK0   BANK1   BANK2   BANK3   BANK4   BANK5   BANK6   BANK7
      Params:         0       0       0       0       0       0       0       0       0
      Locals:         1       0       0       0       0       0       0       0       0
      Temps:          1       0       0       0       0       0       0       0       0
      Totals:         2       0       0       0       0       0       0       0       0
Total ram usage:        2 bytes
 Hardware stack levels used:    1
 Hardware stack levels required when called:    1
 This function calls:
		_MSdelay
 This function is called by:
		_LCD_String
 This function uses a non-reentrant model


 *************** function _LCD_Init *****************
 Defined at:
		line 8 in file "LCD_16x2_4bit_mode.c"
 Parameters:    Size  Location     Type
		None
 Auto vars:     Size  Location     Type
		None
 Return value:  Size  Location     Type
                  1    wreg      void 
 Registers used:
		wreg, status,2, status,0, cstack
 Tracked objects:
		On entry : 
		On exit  : 
		Unchanged: 
 Data sizes:     COMRAM   BANK0   BANK1   BANK2   BANK3   BANK4   BANK5   BANK6   BANK7
      Params:         0       0       0       0       0       0       0       0       0
      Locals:         0       0       0       0       0       0       0       0       0
      Temps:          0       0       0       0       0       0       0       0       0
      Totals:         0       0       0       0       0       0       0       0       0
Total ram usage:        0 bytes
 Hardware stack levels used:    1
 Hardware stack levels required when called:    2
 This function calls:
		_LCD_Command
		_MSdelay
 This function is called by:
		_main
 This function uses a non-reentrant model


 *************** function _LCD_Clear *****************
 Defined at:
		line 82 in file "LCD_16x2_4bit_mode.c"
 Parameters:    Size  Location     Type
		None
 Auto vars:     Size  Location     Type
		None
 Return value:  Size  Location     Type
                  1    wreg      void 
 Registers used:
		wreg, status,2, status,0, cstack
 Tracked objects:
		On entry : 
		On exit  : 
		Unchanged: 
 Data sizes:     COMRAM   BANK0   BANK1   BANK2   BANK3   BANK4   BANK5   BANK6   BANK7
      Params:         0       0       0       0       0       0       0       0       0
      Locals:         0       0       0       0       0       0       0       0       0
      Temps:          0       0       0       0       0       0       0       0       0
      Totals:         0       0       0       0       0       0       0       0       0
Total ram usage:        0 bytes
 Hardware stack levels used:    1
 Hardware stack levels required when called:    2
 This function calls:
		_LCD_Command
		_MSdelay
 This function is called by:
		_main
 This function uses a non-reentrant model


 *************** function _LCD_Command *****************
 Defined at:
		line 21 in file "LCD_16x2_4bit_mode.c"
 Parameters:    Size  Location     Type
  cmd             1    wreg     unsigned char 
 Auto vars:     Size  Location     Type
  cmd             1    7[COMRAM] unsigned char 
 Return value:  Size  Location     Type
                  1    wreg      void 
 Registers used:
		wreg, status,2, status,0, cstack
 Tracked objects:
		On entry : 
		On exit  : 
		Unchanged: 
 Data sizes:     COMRAM   BANK0   BANK1   BANK2   BANK3   BANK4   BANK5   BANK6   BANK7
      Params:         0       0       0       0       0       0       0       0       0
      Locals:         1       0       0       0       0       0       0       0       0
      Temps:          1       0       0       0       0       0       0       0       0
      Totals:         2       0       0       0       0       0       0       0       0
Total ram usage:        2 bytes
 Hardware stack levels used:    1
 Hardware stack levels required when called:    1
 This function calls:
		_MSdelay
 This function is called by:
		_LCD_Init
		_LCD_String_xy
		_LCD_Clear
 This function uses a non-reentrant model


 *************** function _MSdelay *****************
 Defined at:
		line 88 in file "LCD_16x2_4bit_mode.c"
 Parameters:    Size  Location     Type
  val             2    0[COMRAM] unsigned int 
 Auto vars:     Size  Location     Type
  j               2    4[COMRAM] unsigned int 
  i               2    2[COMRAM] unsigned int 
 Return value:  Size  Location     Type
                  1    wreg      void 
 Registers used:
		wreg, status,2, status,0
 Tracked objects:
		On entry : 
		On exit  : 
		Unchanged: 
 Data sizes:     COMRAM   BANK0   BANK1   BANK2   BANK3   BANK4   BANK5   BANK6   BANK7
      Params:         2       0       0       0       0       0       0       0       0
      Locals:         4       0       0       0       0       0       0       0       0
      Temps:          0       0       0       0       0       0       0       0       0
      Totals:         6       0       0       0       0       0       0       0       0
Total ram usage:        6 bytes
 Hardware stack levels used:    1
 This function calls:
		Nothing
 This function is called by:
		_main
		_LCD_Init
		_LCD_Command
		_LCD_Char
		_LCD_Clear
 This function uses a non-reentrant model


 *************** function _I2C_Init *****************
 Defined at:
		line 29 in file "PIC18F4550_I2C_Source_File.c"
 Parameters:    Size  Location     Type
		None
 Auto vars:     Size  Location     Type
		None
 Return value:  Size  Location     Type
                  1    wreg      void 
 Registers used:
		wreg, status,2
 Tracked objects:
		On entry : 
		On exit  : 
		Unchanged: 
 Data sizes:     COMRAM   BANK0   BANK1   BANK2   BANK3   BANK4   BANK5   BANK6   BANK7
      Params:         0       0       0       0       0       0       0       0       0
      Locals:         0       0       0       0       0       0       0       0       0
      Temps:          0       0       0       0       0       0       0       0       0
      Totals:         0       0       0       0       0       0       0       0       0
Total ram usage:        0 bytes
 Hardware stack levels used:    1
 This function calls:
		Nothing
 This function is called by:
		_main
 This function uses a non-reentrant model



MODULE INFORMATION

Module		Function		Class		Link	Load	Size
LCD_16x2_4bit_mode.c
		_LCD_String    		CODE           	0D08	0000	83
		_LCD_Init      		CODE           	0EDE	0000	49
		_LCD_Command   		CODE           	0DA6	0000	77
		_LCD_String_xy 		CODE           	0E70	0000	57
		_LCD_Char      		CODE           	0D5A	0000	77
		_LCD_Clear     		CODE           	0F8E	0000	21
		_MSdelay       		CODE           	0EA8	0000	55

LCD_16x2_4bit_mode.c estimated size: 419

C:\Program Files (x86)\Microchip\xc8\v1.40\sources\common\doprnt.c
		_sprintf       		CODE           	0B44	0000	281

C:\Program Files (x86)\Microchip\xc8\v1.40\sources\common\doprnt.c estimated size: 281

PIC18F4550_I2C_Source_File.c
		_I2C_Write     		CODE           	0F78	0000	23
		_I2C_Stop      		CODE           	0FA2	0000	11
		_I2C_Read      		CODE           	0F0E	0000	37
		_I2C_Ready     		CODE           	0FC0	0000	9
		_I2C_Init      		CODE           	0F32	0000	27
		_I2C_Repeated_Start		CODE           	0F62	0000	23
		_I2C_Ack       		CODE           	0FB6	0000	11
		_I2C_Nack      		CODE           	0FAC	0000	11
		_I2C_Start     		CODE           	0F4C	0000	23

PIC18F4550_I2C_Source_File.c estimated size: 175

shared
		__initialization		CODE           	0E36	0000	49
		_hexpowers     		SMALLCONST     	0801	0000	9

shared estimated size: 58

C:\Program Files (x86)\Microchip\xc8\v1.40\sources\common\lwdiv.c
		___lwdiv       		CODE           	0CB6	0000	83

C:\Program Files (x86)\Microchip\xc8\v1.40\sources\common\lwdiv.c estimated size: 83

RTC.c
		_main          		CODE           	0852	0000	755
		_RTC_Read_Clock		CODE           	0DF2	0000	69
		_RTC_Read_Calendar		CODE           	0C5C	0000	91

RTC.c estimated size: 915

